// Jest Snapshot v1, https://goo.gl/fbAQLP

exports[`renders correctly 1`] = `
<View
  accessible={true}
  focusable={true}
  onClick={[Function]}
  onResponderGrant={[Function]}
  onResponderMove={[Function]}
  onResponderRelease={[Function]}
  onResponderTerminate={[Function]}
  onResponderTerminationRequest={[Function]}
  onStartShouldSetResponder={[Function]}
  style={
    Object {
      "opacity": 1,
    }
  }
>
  <View
    style={
      Array [
        Object {
          "backgroundColor": "#bdbdbd",
          "borderBottomColor": "#7d7d7d",
          "borderLeftColor": "#ffffff",
          "borderRightColor": "#7d7d7d",
          "borderTopColor": "#ffffff",
          "borderWidth": 3,
        },
        Object {
          "height": 30,
          "width": 30,
        },
      ]
    }
  />
</View>
`;
